Archive member included to satisfy reference by file (symbol)

C:/ST/STM32CubeIDE_1.13.0/STM32CubeIDE/plugins/com.st.stm32cube.ide.mcu.externaltools.gnu-tools-for-stm32.11.3.rel1.win32_1.1.100.202309141235/tools/bin/../lib/gcc/arm-none-eabi/11.3.1/../../../../arm-none-eabi/lib/thumb/v7e-m+fp/hard\libc_nano.a(libc_a-exit.o)
                              C:/ST/STM32CubeIDE_1.13.0/STM32CubeIDE/plugins/com.st.stm32cube.ide.mcu.externaltools.gnu-tools-for-stm32.11.3.rel1.win32_1.1.100.202309141235/tools/bin/../lib/gcc/arm-none-eabi/11.3.1/../../../../arm-none-eabi/lib/thumb/v7e-m+fp/hard/crt0.o (exit)
C:/ST/STM32CubeIDE_1.13.0/STM32CubeIDE/plugins/com.st.stm32cube.ide.mcu.externaltools.gnu-tools-for-stm32.11.3.rel1.win32_1.1.100.202309141235/tools/bin/../lib/gcc/arm-none-eabi/11.3.1/../../../../arm-none-eabi/lib/thumb/v7e-m+fp/hard\libc_nano.a(libc_a-findfp.o)
                              C:/ST/STM32CubeIDE_1.13.0/STM32CubeIDE/plugins/com.st.stm32cube.ide.mcu.externaltools.gnu-tools-for-stm32.11.3.rel1.win32_1.1.100.202309141235/tools/bin/../lib/gcc/arm-none-eabi/11.3.1/../../../../arm-none-eabi/lib/thumb/v7e-m+fp/hard\libc_nano.a(libc_a-exit.o) (__stdio_exit_handler)
C:/ST/STM32CubeIDE_1.13.0/STM32CubeIDE/plugins/com.st.stm32cube.ide.mcu.externaltools.gnu-tools-for-stm32.11.3.rel1.win32_1.1.100.202309141235/tools/bin/../lib/gcc/arm-none-eabi/11.3.1/../../../../arm-none-eabi/lib/thumb/v7e-m+fp/hard\libc_nano.a(libc_a-fwalk.o)
                              C:/ST/STM32CubeIDE_1.13.0/STM32CubeIDE/plugins/com.st.stm32cube.ide.mcu.externaltools.gnu-tools-for-stm32.11.3.rel1.win32_1.1.100.202309141235/tools/bin/../lib/gcc/arm-none-eabi/11.3.1/../../../../arm-none-eabi/lib/thumb/v7e-m+fp/hard\libc_nano.a(libc_a-findfp.o) (_fwalk_sglue)
C:/ST/STM32CubeIDE_1.13.0/STM32CubeIDE/plugins/com.st.stm32cube.ide.mcu.externaltools.gnu-tools-for-stm32.11.3.rel1.win32_1.1.100.202309141235/tools/bin/../lib/gcc/arm-none-eabi/11.3.1/../../../../arm-none-eabi/lib/thumb/v7e-m+fp/hard\libc_nano.a(libc_a-stdio.o)
                              C:/ST/STM32CubeIDE_1.13.0/STM32CubeIDE/plugins/com.st.stm32cube.ide.mcu.externaltools.gnu-tools-for-stm32.11.3.rel1.win32_1.1.100.202309141235/tools/bin/../lib/gcc/arm-none-eabi/11.3.1/../../../../arm-none-eabi/lib/thumb/v7e-m+fp/hard\libc_nano.a(libc_a-findfp.o) (__sread)
C:/ST/STM32CubeIDE_1.13.0/STM32CubeIDE/plugins/com.st.stm32cube.ide.mcu.externaltools.gnu-tools-for-stm32.11.3.rel1.win32_1.1.100.202309141235/tools/bin/../lib/gcc/arm-none-eabi/11.3.1/../../../../arm-none-eabi/lib/thumb/v7e-m+fp/hard\libc_nano.a(libc_a-memset.o)
                              C:/ST/STM32CubeIDE_1.13.0/STM32CubeIDE/plugins/com.st.stm32cube.ide.mcu.externaltools.gnu-tools-for-stm32.11.3.rel1.win32_1.1.100.202309141235/tools/bin/../lib/gcc/arm-none-eabi/11.3.1/../../../../arm-none-eabi/lib/thumb/v7e-m+fp/hard/crt0.o (memset)
C:/ST/STM32CubeIDE_1.13.0/STM32CubeIDE/plugins/com.st.stm32cube.ide.mcu.externaltools.gnu-tools-for-stm32.11.3.rel1.win32_1.1.100.202309141235/tools/bin/../lib/gcc/arm-none-eabi/11.3.1/../../../../arm-none-eabi/lib/thumb/v7e-m+fp/hard\libc_nano.a(libc_a-closer.o)
                              C:/ST/STM32CubeIDE_1.13.0/STM32CubeIDE/plugins/com.st.stm32cube.ide.mcu.externaltools.gnu-tools-for-stm32.11.3.rel1.win32_1.1.100.202309141235/tools/bin/../lib/gcc/arm-none-eabi/11.3.1/../../../../arm-none-eabi/lib/thumb/v7e-m+fp/hard\libc_nano.a(libc_a-stdio.o) (_close_r)
C:/ST/STM32CubeIDE_1.13.0/STM32CubeIDE/plugins/com.st.stm32cube.ide.mcu.externaltools.gnu-tools-for-stm32.11.3.rel1.win32_1.1.100.202309141235/tools/bin/../lib/gcc/arm-none-eabi/11.3.1/../../../../arm-none-eabi/lib/thumb/v7e-m+fp/hard\libc_nano.a(libc_a-reent.o)
                              C:/ST/STM32CubeIDE_1.13.0/STM32CubeIDE/plugins/com.st.stm32cube.ide.mcu.externaltools.gnu-tools-for-stm32.11.3.rel1.win32_1.1.100.202309141235/tools/bin/../lib/gcc/arm-none-eabi/11.3.1/../../../../arm-none-eabi/lib/thumb/v7e-m+fp/hard\libc_nano.a(libc_a-closer.o) (errno)
C:/ST/STM32CubeIDE_1.13.0/STM32CubeIDE/plugins/com.st.stm32cube.ide.mcu.externaltools.gnu-tools-for-stm32.11.3.rel1.win32_1.1.100.202309141235/tools/bin/../lib/gcc/arm-none-eabi/11.3.1/../../../../arm-none-eabi/lib/thumb/v7e-m+fp/hard\libc_nano.a(libc_a-impure.o)
                              C:/ST/STM32CubeIDE_1.13.0/STM32CubeIDE/plugins/com.st.stm32cube.ide.mcu.externaltools.gnu-tools-for-stm32.11.3.rel1.win32_1.1.100.202309141235/tools/bin/../lib/gcc/arm-none-eabi/11.3.1/../../../../arm-none-eabi/lib/thumb/v7e-m+fp/hard\libc_nano.a(libc_a-reent.o) (_impure_ptr)
C:/ST/STM32CubeIDE_1.13.0/STM32CubeIDE/plugins/com.st.stm32cube.ide.mcu.externaltools.gnu-tools-for-stm32.11.3.rel1.win32_1.1.100.202309141235/tools/bin/../lib/gcc/arm-none-eabi/11.3.1/../../../../arm-none-eabi/lib/thumb/v7e-m+fp/hard\libc_nano.a(libc_a-lseekr.o)
[...]
Memory Configuration

Name             Origin             Length             Attributes
RAM              0x0000000020000000 0x0000000000010000 xrw
FLASH            0x0000000008006400 0x0000000000006400 xr
*default*        0x0000000000000000 0xffffffffffffffff

Linker script and memory map

LOAD C:/ST/STM32CubeIDE_1.13.0/STM32CubeIDE/plugins/com.st.stm32cube.ide.mcu.externaltools.gnu-tools-for-stm32.11.3.rel1.win32_1.1.100.202309141235/tools/bin/../lib/gcc/arm-none-eabi/11.3.1/thumb/v7e-m+fp/hard/crti.o
LOAD C:/ST/STM32CubeIDE_1.13.0/STM32CubeIDE/plugins/com.st.stm32cube.ide.mcu.externaltools.gnu-tools-for-stm32.11.3.rel1.win32_1.1.100.202309141235/tools/bin/../lib/gcc/arm-none-eabi/11.3.1/thumb/v7e-m+fp/hard/crtbegin.o
LOAD C:/ST/STM32CubeIDE_1.13.0/STM32CubeIDE/plugins/com.st.stm32cube.ide.mcu.externaltools.gnu-tools-for-stm32.11.3.rel1.win32_1.1.100.202309141235/tools/bin/../lib/gcc/arm-none-eabi/11.3.1/../../../../arm-none-eabi/lib/thumb/v7e-m+fp/hard/crt0.o
LOAD ./Core/Src/OTA.o
LOAD ./Core/Src/gpio.o
LOAD ./Core/Src/main.o
LOAD ./Core/Src/stm32f4xx_hal_msp.o
LOAD ./Core/Src/stm32f4xx_it.o
LOAD ./Core/Src/syscalls.o
LOAD ./Core/Src/sysmem.o
LOAD ./Core/Src/system_stm32f4xx.o
LOAD ./Core/Src/usart.o
LOAD ./Core/Startup/startup_stm32f401ccux.o
LOAD ./Drivers/STM32F4xx_HAL_Driver/Src/stm32f4xx_hal.o
LOAD ./Drivers/STM32F4xx_HAL_Driver/Src/stm32f4xx_hal_cortex.o
LOAD ./Drivers/STM32F4xx_HAL_Driver/Src/stm32f4xx_hal_dma.o
LOAD ./Drivers/STM32F4xx_HAL_Driver/Src/stm32f4xx_hal_dma_ex.o
LOAD ./Drivers/STM32F4xx_HAL_Driver/Src/stm32f4xx_hal_exti.o
LOAD ./Drivers/STM32F4xx_HAL_Driver/Src/stm32f4xx_hal_flash.o
LOAD ./Drivers/STM32F4xx_HAL_Driver/Src/stm32f4xx_hal_flash_ex.o
LOAD ./Drivers/STM32F4xx_HAL_Driver/Src/stm32f4xx_hal_flash_ramfunc.o
LOAD ./Drivers/STM32F4xx_HAL_Driver/Src/stm32f4xx_hal_gpio.o
LOAD ./Drivers/STM32F4xx_HAL_Driver/Src/stm32f4xx_hal_pwr.o
LOAD ./Drivers/STM32F4xx_HAL_Driver/Src/stm32f4xx_hal_pwr_ex.o
LOAD ./Drivers/STM32F4xx_HAL_Driver/Src/stm32f4xx_hal_rcc.o
LOAD ./Drivers/STM32F4xx_HAL_Driver/Src/stm32f4xx_hal_rcc_ex.o
LOAD ./Drivers/STM32F4xx_HAL_Driver/Src/stm32f4xx_hal_tim.o
LOAD ./Drivers/STM32F4xx_HAL_Driver/Src/stm32f4xx_hal_tim_ex.o
LOAD ./Drivers/STM32F4xx_HAL_Driver/Src/stm32f4xx_hal_uart.o
START GROUP
LOAD C:/ST/STM32CubeIDE_1.13.0/STM32CubeIDE/plugins/com.st.stm32cube.ide.mcu.externaltools.gnu-tools-for-stm32.11.3.rel1.win32_1.1.100.202309141235/tools/bin/../lib/gcc/arm-none-eabi/11.3.1/../../../../arm-none-eabi/lib/thumb/v7e-m+fp/hard\libc_nano.a
LOAD C:/ST/STM32CubeIDE_1.13.0/STM32CubeIDE/plugins/com.st.stm32cube.ide.mcu.externaltools.gnu-tools-for-stm32.11.3.rel1.win32_1.1.100.202309141235/tools/bin/../lib/gcc/arm-none-eabi/11.3.1/../../../../arm-none-eabi/lib/thumb/v7e-m+fp/hard\libm.a
END GROUP
START GROUP
LOAD C:/ST/STM32CubeIDE_1.13.0/STM32CubeIDE/plugins/com.st.stm32cube.ide.mcu.externaltools.gnu-tools-for-stm32.11.3.rel1.win32_1.1.100.202309141235/tools/bin/../lib/gcc/arm-none-eabi/11.3.1/thumb/v7e-m+fp/hard\libgcc.a
LOAD C:/ST/STM32CubeIDE_1.13.0/STM32CubeIDE/plugins/com.st.stm32cube.ide.mcu.externaltools.gnu-tools-for-stm32.11.3.rel1.win32_1.1.100.202309141235/tools/bin/../lib/gcc/arm-none-eabi/11.3.1/../../../../arm-none-eabi/lib/thumb/v7e-m+fp/hard\libc_nano.a
END GROUP
START GROUP
LOAD C:/ST/STM32CubeIDE_1.13.0/STM32CubeIDE/plugins/com.st.stm32cube.ide.mcu.externaltools.gnu-tools-for-stm32.11.3.rel1.win32_1.1.100.202309141235/tools/bin/../lib/gcc/arm-none-eabi/11.3.1/thumb/v7e-m+fp/hard\libgcc.a
LOAD C:/ST/STM32CubeIDE_1.13.0/STM32CubeIDE/plugins/com.st.stm32cube.ide.mcu.externaltools.gnu-tools-for-stm32.11.3.rel1.win32_1.1.100.202309141235/tools/bin/../lib/gcc/arm-none-eabi/11.3.1/../../../../arm-none-eabi/lib/thumb/v7e-m+fp/hard\libc_nano.a
LOAD C:/ST/STM32CubeIDE_1.13.0/STM32CubeIDE/plugins/com.st.stm32cube.ide.mcu.externaltools.gnu-tools-for-stm32.11.3.rel1.win32_1.1.100.202309141235/tools/bin/../lib/gcc/arm-none-eabi/11.3.1/../../../../arm-none-eabi/lib/thumb/v7e-m+fp/hard\libnosys.a
END GROUP
START GROUP
LOAD C:/ST/STM32CubeIDE_1.13.0/STM32CubeIDE/plugins/com.st.stm32cube.ide.mcu.externaltools.gnu-tools-for-stm32.11.3.rel1.win32_1.1.100.202309141235/tools/bin/../lib/gcc/arm-none-eabi/11.3.1/thumb/v7e-m+fp/hard\libgcc.a
LOAD C:/ST/STM32CubeIDE_1.13.0/STM32CubeIDE/plugins/com.st.stm32cube.ide.mcu.externaltools.gnu-tools-for-stm32.11.3.rel1.win32_1.1.100.202309141235/tools/bin/../lib/gcc/arm-none-eabi/11.3.1/../../../../arm-none-eabi/lib/thumb/v7e-m+fp/hard\libc_nano.a
LOAD C:/ST/STM32CubeIDE_1.13.0/STM32CubeIDE/plugins/com.st.stm32cube.ide.mcu.externaltools.gnu-tools-for-stm32.11.3.rel1.win32_1.1.100.202309141235/tools/bin/../lib/gcc/arm-none-eabi/11.3.1/../../../../arm-none-eabi/lib/thumb/v7e-m+fp/hard\libnosys.a
END GROUP
LOAD C:/ST/STM32CubeIDE_1.13.0/STM32CubeIDE/plugins/com.st.stm32cube.ide.mcu.externaltools.gnu-tools-for-stm32.11.3.rel1.win32_1.1.100.202309141235/tools/bin/../lib/gcc/arm-none-eabi/11.3.1/thumb/v7e-m+fp/hard/crtend.o
LOAD C:/ST/STM32CubeIDE_1.13.0/STM32CubeIDE/plugins/com.st.stm32cube.ide.mcu.externaltools.gnu-tools-for-stm32.11.3.rel1.win32_1.1.100.202309141235/tools/bin/../lib/gcc/arm-none-eabi/11.3.1/thumb/v7e-m+fp/hard/crtn.o
                0x0000000020010000                _estack = (ORIGIN (RAM) + LENGTH (RAM))
                0x0000000000000200                _Min_Heap_Size = 0x200
                0x0000000000000400                _Min_Stack_Size = 0x400

.isr_vector     0x0000000008006400      0x194
                0x0000000008006400                . = ALIGN (0x4)
 *(.isr_vector)
 .isr_vector    0x0000000008006400      0x194 ./Core/Startup/startup_stm32f401ccux.o
                0x0000000008006400                g_pfnVectors
                0x0000000008006594                . = ALIGN (0x4)

.text           0x0000000008006594     0x2a18
                0x0000000008006594                . = ALIGN (0x4)
 *(.text)
 .text          0x0000000008006594       0x40 C:/ST/STM32CubeIDE_1.13.0/STM32CubeIDE/plugins/com.st.stm32cube.ide.mcu.externaltools.gnu-tools-for-stm32.11.3.rel1.win32_1.1.100.202309141235/tools/bin/../lib/gcc/arm-none-eabi/11.3.1/thumb/v7e-m+fp/hard/crtbegin.o
 .text          0x00000000080065d4       0x30 C:/ST/STM32CubeIDE_1.13.0/STM32CubeIDE/plugins/com.st.stm32cube.ide.mcu.externaltools.gnu-tools-for-stm32.11.3.rel1.win32_1.1.100.202309141235/tools/bin/../lib/gcc/arm-none-eabi/11.3.1/thumb/v7e-m+fp/hard\libgcc.a(_aeabi_uldivmod.o)
                0x00000000080065d4                __aeabi_uldivmod
 .text          0x0000000008006604      0x2c8 C:/ST/STM32CubeIDE_1.13.0/STM32CubeIDE/plugins/com.st.stm32cube.ide.mcu.externaltools.gnu-tools-for-stm32.11.3.rel1.win32_1.1.100.202309141235/tools/bin/../lib/gcc/arm-none-eabi/11.3.1/thumb/v7e-m+fp/hard\libgcc.a(_udivmoddi4.o)
                0x0000000008006604                __udivmoddi4
 .text          0x00000000080068cc        0x4 C:/ST/STM32CubeIDE_1.13.0/STM32CubeIDE/plugins/com.st.stm32cube.ide.mcu.externaltools.gnu-tools-for-stm32.11.3.rel1.win32_1.1.100.202309141235/tools/bin/../lib/gcc/arm-none-eabi/11.3.1/thumb/v7e-m+fp/hard\libgcc.a(_dvmd_tls.o)
                0x00000000080068cc                __aeabi_idiv0
                0x00000000080068cc                __aeabi_ldiv0
 *(.text*)
 .text.Perform_Flash_Erase
                0x00000000080068d0       0xce ./Core/Src/OTA.o
                0x00000000080068d0                Perform_Flash_Erase
 .text.Flash_Memory_Write_Payload
                0x000000000800699e       0xb2 ./Core/Src/OTA.o
                0x000000000800699e                Flash_Memory_Write_Payload
 .text.Bootloader_Upload_Sequence
                0x0000000008006a50      0x120 ./Core/Src/OTA.o
                0x0000000008006a50                Bootloader_Upload_Sequence
 .text.HexParser_u8Ascii2Num
                0x0000000008006b70       0x42 ./Core/Src/OTA.o
                0x0000000008006b70                HexParser_u8Ascii2Num
 *fill*         0x0000000008006bb2        0x2 
 .text.HexParser_vParseData
                0x0000000008006bb4      0x248 ./Core/Src/OTA.o
                0x0000000008006bb4                HexParser_vParseData
 .text.MX_GPIO_Init
                0x0000000008006dfc       0x9c ./Core/Src/gpio.o
                0x0000000008006dfc                MX_GPIO_Init
 .text.main     0x0000000008006e98       0x40 ./Core/Src/main.o
                0x0000000008006e98                main
 .text.SystemClock_Config
                0x0000000008006ed8       0xd4 ./Core/Src/main.o
                0x0000000008006ed8                SystemClock_Config
 .text.Error_Handler
                0x0000000008006fac        0xa ./Core/Src/main.o
                0x0000000008006fac                Error_Handler
 *fill*         0x0000000008006fb6        0x2 
 .text.HAL_MspInit
                0x0000000008006fb8       0x50 ./Core/Src/stm32f4xx_hal_msp.o
                0x0000000008006fb8                HAL_MspInit
 .text.NMI_Handler
                0x0000000008007008        0x6 ./Core/Src/stm32f4xx_it.o
                0x0000000008007008                NMI_Handler
 .text.HardFault_Handler
                0x000000000800700e        0x6 ./Core/Src/stm32f4xx_it.o
                0x000000000800700e                HardFault_Handler
 .text.MemManage_Handler
                0x0000000008007014        0x6 ./Core/Src/stm32f4xx_it.o
                0x0000000008007014                MemManage_Handler
 .text.BusFault_Handler
                0x000000000800701a        0x6 ./Core/Src/stm32f4xx_it.o
                0x000000000800701a                BusFault_Handler
 .text.UsageFault_Handler
                0x0000000008007020        0x6 ./Core/Src/stm32f4xx_it.o
                0x0000000008007020                UsageFault_Handler
 .text.SVC_Handler
                0x0000000008007026        0xe ./Core/Src/stm32f4xx_it.o
                0x0000000008007026                SVC_Handler
 .text.DebugMon_Handler
                0x0000000008007034        0xe ./Core/Src/stm32f4xx_it.o
                0x0000000008007034                DebugMon_Handler
 .text.PendSV_Handler
                0x0000000008007042        0xe ./Core/Src/stm32f4xx_it.o
                0x0000000008007042                PendSV_Handler
 .text.SysTick_Handler
                0x0000000008007050        0xc ./Core/Src/stm32f4xx_it.o
                0x0000000008007050                SysTick_Handler
 .text.SystemInit
                0x000000000800705c       0x2c ./Core/Src/system_stm32f4xx.o
                0x000000000800705c                SystemInit
 .text.MX_USART1_UART_Init
                0x0000000008007088       0x54 ./Core/Src/usart.o
                0x0000000008007088                MX_USART1_UART_Init
 .text.HAL_UART_MspInit
                0x00000000080070dc       0x90 ./Core/Src/usart.o
                0x00000000080070dc                HAL_UART_MspInit
 .text.Reset_Handler
                0x000000000800716c       0x50 ./Core/Startup/startup_stm32f401ccux.o
                0x000000000800716c                Reset_Handler
 .text.Default_Handler
                0x00000000080071bc        0x2 ./Core/Startup/startup_stm32f401ccux.o
                0x00000000080071bc                RTC_Alarm_IRQHandler
                0x00000000080071bc                EXTI2_IRQHandler
                0x00000000080071bc                SPI4_IRQHandler
                0x00000000080071bc                TIM1_CC_IRQHandler
                0x00000000080071bc                DMA2_Stream5_IRQHandler
                0x00000000080071bc                DMA1_Stream5_IRQHandler
                0x00000000080071bc                PVD_IRQHandler
                0x00000000080071bc                SDIO_IRQHandler
                0x00000000080071bc                TAMP_STAMP_IRQHandler
                0x00000000080071bc                EXTI3_IRQHandler
                0x00000000080071bc                TIM1_UP_TIM10_IRQHandler
                0x00000000080071bc                I2C3_ER_IRQHandler
                0x00000000080071bc                EXTI0_IRQHandler
                0x00000000080071bc                I2C2_EV_IRQHandler
                0x00000000080071bc                DMA1_Stream2_IRQHandler
                0x00000000080071bc                FPU_IRQHandler
                0x00000000080071bc                DMA2_Stream2_IRQHandler
                0x00000000080071bc                SPI1_IRQHandler
                0x00000000080071bc                TIM1_BRK_TIM9_IRQHandler
                0x00000000080071bc                DMA2_Stream3_IRQHandler
                0x00000000080071bc                USART6_IRQHandler
                0x00000000080071bc                DMA2_Stream0_IRQHandler
                0x00000000080071bc                TIM4_IRQHandler
                0x00000000080071bc                I2C1_EV_IRQHandler
                0x00000000080071bc                DMA1_Stream6_IRQHandler
                0x00000000080071bc                DMA1_Stream1_IRQHandler
                0x00000000080071bc                TIM3_IRQHandler
                0x00000000080071bc                RCC_IRQHandler
                0x00000000080071bc                Default_Handler
                0x00000000080071bc                EXTI15_10_IRQHandler
                0x00000000080071bc                ADC_IRQHandler
                0x00000000080071bc                DMA1_Stream7_IRQHandler
                0x00000000080071bc                TIM5_IRQHandler
                0x00000000080071bc                DMA2_Stream7_IRQHandler
                0x00000000080071bc                I2C3_EV_IRQHandler
                0x00000000080071bc                EXTI9_5_IRQHandler
                0x00000000080071bc                RTC_WKUP_IRQHandler
                0x00000000080071bc                SPI2_IRQHandler
                0x00000000080071bc                DMA1_Stream0_IRQHandler
                0x00000000080071bc                EXTI4_IRQHandler
                0x00000000080071bc                WWDG_IRQHandler
                0x00000000080071bc                TIM2_IRQHandler
                0x00000000080071bc                OTG_FS_WKUP_IRQHandler
                0x00000000080071bc                TIM1_TRG_COM_TIM11_IRQHandler
                0x00000000080071bc                EXTI1_IRQHandler
                0x00000000080071bc                USART2_IRQHandler
                0x00000000080071bc                I2C2_ER_IRQHandler
                0x00000000080071bc                DMA2_Stream1_IRQHandler
                0x00000000080071bc                FLASH_IRQHandler
                0x00000000080071bc                DMA2_Stream4_IRQHandler
                0x00000000080071bc                USART1_IRQHandler
                0x00000000080071bc                OTG_FS_IRQHandler
                0x00000000080071bc                SPI3_IRQHandler
                0x00000000080071bc                DMA1_Stream4_IRQHandler
                0x00000000080071bc                I2C1_ER_IRQHandler
                0x00000000080071bc                DMA2_Stream6_IRQHandler
                0x00000000080071bc                DMA1_Stream3_IRQHandler
 *fill*         0x00000000080071be        0x2 
 .text.HAL_Init
                0x00000000080071c0       0x44 ./Drivers/STM32F4xx_HAL_Driver/Src/stm32f4xx_hal.o
                0x00000000080071c0                HAL_Init
 .text.HAL_InitTick
                0x0000000008007204       0x60 ./Drivers/STM32F4xx_HAL_Driver/Src/stm32f4xx_hal.o
                0x0000000008007204                HAL_InitTick
 .text.HAL_IncTick
                0x0000000008007264       0x28 ./Drivers/STM32F4xx_HAL_Driver/Src/stm32f4xx_hal.o
                0x0000000008007264                HAL_IncTick
 .text.HAL_GetTick
                0x000000000800728c       0x18 ./Drivers/STM32F4xx_HAL_Driver/Src/stm32f4xx_hal.o
                0x000000000800728c                HAL_GetTick
 .text.HAL_Delay
                0x00000000080072a4       0x48 ./Drivers/STM32F4xx_HAL_Driver/Src/stm32f4xx_hal.o
                0x00000000080072a4                HAL_Delay
 .text.__NVIC_SetPriorityGrouping
                0x00000000080072ec       0x48 ./Drivers/STM32F4xx_HAL_Driver/Src/stm32f4xx_hal_cortex.o
 .text.__NVIC_GetPriorityGrouping
                0x0000000008007334       0x1c ./Drivers/STM32F4xx_HAL_Driver/Src/stm32f4xx_hal_cortex.o
 .text.__NVIC_SetPriority
                0x0000000008007350       0x54 ./Drivers/STM32F4xx_HAL_Driver/Src/stm32f4xx_hal_cortex.o
 .text.NVIC_EncodePriority
                0x00000000080073a4       0x66 ./Drivers/STM32F4xx_HAL_Driver/Src/stm32f4xx_hal_cortex.o
 *fill*         0x000000000800740a        0x2 
 .text.SysTick_Config
                0x000000000800740c       0x44 ./Drivers/STM32F4xx_HAL_Driver/Src/stm32f4xx_hal_cortex.o
 .text.HAL_NVIC_SetPriorityGrouping
                0x0000000008007450       0x16 ./Drivers/STM32F4xx_HAL_Driver/Src/stm32f4xx_hal_cortex.o
                0x0000000008007450                HAL_NVIC_SetPriorityGrouping
 .text.HAL_NVIC_SetPriority
                0x0000000008007466       0x38 ./Drivers/STM32F4xx_HAL_Driver/Src/stm32f4xx_hal_cortex.o
                0x0000000008007466                HAL_NVIC_SetPriority
 .text.HAL_SYSTICK_Config
                0x000000000800749e       0x18 ./Drivers/STM32F4xx_HAL_Driver/Src/stm32f4xx_hal_cortex.o
                0x000000000800749e                HAL_SYSTICK_Config
 *fill*         0x00000000080074b6        0x2 
 .text.HAL_FLASH_Program
                0x00000000080074b8       0xa8 ./Drivers/STM32F4xx_HAL_Driver/Src/stm32f4xx_hal_flash.o
                0x00000000080074b8                HAL_FLASH_Program
 .text.HAL_FLASH_Unlock
                0x0000000008007560       0x44 ./Drivers/STM32F4xx_HAL_Driver/Src/stm32f4xx_hal_flash.o
                0x0000000008007560                HAL_FLASH_Unlock
 .text.HAL_FLASH_Lock
                0x00000000080075a4       0x20 ./Drivers/STM32F4xx_HAL_Driver/Src/stm32f4xx_hal_flash.o
                0x00000000080075a4                HAL_FLASH_Lock
 .text.FLASH_WaitForLastOperation
                0x00000000080075c4       0x80 ./Drivers/STM32F4xx_HAL_Driver/Src/stm32f4xx_hal_flash.o
                0x00000000080075c4                FLASH_WaitForLastOperation
 .text.FLASH_Program_DoubleWord
                0x0000000008007644       0x64 ./Drivers/STM32F4xx_HAL_Driver/Src/stm32f4xx_hal_flash.o
 .text.FLASH_Program_Word
                0x00000000080076a8       0x44 ./Drivers/STM32F4xx_HAL_Driver/Src/stm32f4xx_hal_flash.o
 .text.FLASH_Program_HalfWord
                0x00000000080076ec       0x48 ./Drivers/STM32F4xx_HAL_Driver/Src/stm32f4xx_hal_flash.o
 .text.FLASH_Program_Byte
                0x0000000008007734       0x44 ./Drivers/STM32F4xx_HAL_Driver/Src/stm32f4xx_hal_flash.o
 .text.FLASH_SetErrorCode
                0x0000000008007778       0xcc ./Drivers/STM32F4xx_HAL_Driver/Src/stm32f4xx_hal_flash.o
 .text.HAL_FLASHEx_Erase
                0x0000000008007844       0xe0 ./Drivers/STM32F4xx_HAL_Driver/Src/stm32f4xx_hal_flash_ex.o
                0x0000000008007844                HAL_FLASHEx_Erase
 .text.FLASH_MassErase
                0x0000000008007924       0x48 ./Drivers/STM32F4xx_HAL_Driver/Src/stm32f4xx_hal_flash_ex.o
 .text.FLASH_Erase_Sector
                0x000000000800796c       0x90 ./Drivers/STM32F4xx_HAL_Driver/Src/stm32f4xx_hal_flash_ex.o
                0x000000000800796c                FLASH_Erase_Sector
 .text.FLASH_FlushCaches
                0x00000000080079fc       0x8c ./Drivers/STM32F4xx_HAL_Driver/Src/stm32f4xx_hal_flash_ex.o
                0x00000000080079fc                FLASH_FlushCaches
 .text.HAL_GPIO_Init
                0x0000000008007a88      0x308 ./Drivers/STM32F4xx_HAL_Driver/Src/stm32f4xx_hal_gpio.o
                0x0000000008007a88                HAL_GPIO_Init
 .text.HAL_GPIO_WritePin
                0x0000000008007d90       0x32 ./Drivers/STM32F4xx_HAL_Driver/Src/stm32f4xx_hal_gpio.o
                0x0000000008007d90                HAL_GPIO_WritePin
 *fill*         0x0000000008007dc2        0x2 
 .text.HAL_RCC_OscConfig
                0x0000000008007dc4      0x4f0 ./Drivers/STM32F4xx_HAL_Driver/Src/stm32f4xx_hal_rcc.o
                0x0000000008007dc4                HAL_RCC_OscConfig
 .text.HAL_RCC_ClockConfig
                0x00000000080082b4      0x1cc ./Drivers/STM32F4xx_HAL_Driver/Src/stm32f4xx_hal_rcc.o
                0x00000000080082b4                HAL_RCC_ClockConfig
 .text.HAL_RCC_GetSysClockFreq
                0x0000000008008480      0x18c ./Drivers/STM32F4xx_HAL_Driver/Src/stm32f4xx_hal_rcc.o
                0x0000000008008480                HAL_RCC_GetSysClockFreq
 .text.HAL_RCC_GetHCLKFreq
                0x000000000800860c       0x18 ./Drivers/STM32F4xx_HAL_Driver/Src/stm32f4xx_hal_rcc.o
                0x000000000800860c                HAL_RCC_GetHCLKFreq
 .text.HAL_RCC_GetPCLK1Freq
                0x0000000008008624       0x28 ./Drivers/STM32F4xx_HAL_Driver/Src/stm32f4xx_hal_rcc.o
                0x0000000008008624                HAL_RCC_GetPCLK1Freq
 .text.HAL_RCC_GetPCLK2Freq
                0x000000000800864c       0x28 ./Drivers/STM32F4xx_HAL_Driver/Src/stm32f4xx_hal_rcc.o
                0x000000000800864c                HAL_RCC_GetPCLK2Freq
 .text.HAL_UART_Init
                0x0000000008008674       0x9a ./Drivers/STM32F4xx_HAL_Driver/Src/stm32f4xx_hal_uart.o
                0x0000000008008674                HAL_UART_Init
 .text.HAL_UART_Transmit
                0x000000000800870e      0x124 ./Drivers/STM32F4xx_HAL_Driver/Src/stm32f4xx_hal_uart.o
                0x000000000800870e                HAL_UART_Transmit
 .text.HAL_UART_Receive
                0x0000000008008832      0x144 ./Drivers/STM32F4xx_HAL_Driver/Src/stm32f4xx_hal_uart.o
                0x0000000008008832                HAL_UART_Receive
 .text.UART_WaitOnFlagUntilTimeout
                0x0000000008008976       0xdc ./Drivers/STM32F4xx_HAL_Driver/Src/stm32f4xx_hal_uart.o
 *fill*         0x0000000008008a52        0x2 
 .text.UART_SetConfig
                0x0000000008008a54      0x4e8 ./Drivers/STM32F4xx_HAL_Driver/Src/stm32f4xx_hal_uart.o
 .text.memset   0x0000000008008f3c       0x10 C:/ST/STM32CubeIDE_1.13.0/STM32CubeIDE/plugins/com.st.stm32cube.ide.mcu.externaltools.gnu-tools-for-stm32.11.3.rel1.win32_1.1.100.202309141235/tools/bin/../lib/gcc/arm-none-eabi/11.3.1/../../../../arm-none-eabi/lib/thumb/v7e-m+fp/hard\libc_nano.a(libc_a-memset.o)
                0x0000000008008f3c                memset
 .text.__libc_init_array
                0x0000000008008f4c       0x48 C:/ST/STM32CubeIDE_1.13.0/STM32CubeIDE/plugins/com.st.stm32cube.ide.mcu.externaltools.gnu-tools-for-stm32.11.3.rel1.win32_1.1.100.202309141235/tools/bin/../lib/gcc/arm-none-eabi/11.3.1/../../../../arm-none-eabi/lib/thumb/v7e-m+fp/hard\libc_nano.a(libc_a-init.o)
                0x0000000008008f4c                __libc_init_array
 *(.glue_7)
 .glue_7        0x0000000008008f94        0x0 linker stubs
 *(.glue_7t)
 .glue_7t       0x0000000008008f94        0x0 linker stubs
 *(.eh_frame)
 .eh_frame      0x0000000008008f94        0x0 C:/ST/STM32CubeIDE_1.13.0/STM32CubeIDE/plugins/com.st.stm32cube.ide.mcu.externaltools.gnu-tools-for-stm32.11.3.rel1.win32_1.1.100.202309141235/tools/bin/../lib/gcc/arm-none-eabi/11.3.1/thumb/v7e-m+fp/hard/crtbegin.o
 *(.init)
 .init          0x0000000008008f94        0x4 C:/ST/STM32CubeIDE_1.13.0/STM32CubeIDE/plugins/com.st.stm32cube.ide.mcu.externaltools.gnu-tools-for-stm32.11.3.rel1.win32_1.1.100.202309141235/tools/bin/../lib/gcc/arm-none-eabi/11.3.1/thumb/v7e-m+fp/hard/crti.o
                0x0000000008008f94                _init
 .init          0x0000000008008f98        0x8 C:/ST/STM32CubeIDE_1.13.0/STM32CubeIDE/plugins/com.st.stm32cube.ide.mcu.externaltools.gnu-tools-for-stm32.11.3.rel1.win32_1.1.100.202309141235/tools/bin/../lib/gcc/arm-none-eabi/11.3.1/thumb/v7e-m+fp/hard/crtn.o
 *(.fini)
 .fini          0x0000000008008fa0        0x4 C:/ST/STM32CubeIDE_1.13.0/STM32CubeIDE/plugins/com.st.stm32cube.ide.mcu.externaltools.gnu-tools-for-stm32.11.3.rel1.win32_1.1.100.202309141235/tools/bin/../lib/gcc/arm-none-eabi/11.3.1/thumb/v7e-m+fp/hard/crti.o
                0x0000000008008fa0                _fini
 .fini          0x0000000008008fa4        0x8 C:/ST/STM32CubeIDE_1.13.0/STM32CubeIDE/plugins/com.st.stm32cube.ide.mcu.externaltools.gnu-tools-for-stm32.11.3.rel1.win32_1.1.100.202309141235/tools/bin/../lib/gcc/arm-none-eabi/11.3.1/thumb/v7e-m+fp/hard/crtn.o
                0x0000000008008fac                . = ALIGN (0x4)
                0x0000000008008fac                _etext = .

.vfp11_veneer   0x0000000008008fac        0x0
 .vfp11_veneer  0x0000000008008fac        0x0 linker stubs

.v4_bx          0x0000000008008fac        0x0
 .v4_bx         0x0000000008008fac        0x0 linker stubs

.iplt           0x0000000008008fac        0x0
 .iplt          0x0000000008008fac        0x0 C:/ST/STM32CubeIDE_1.13.0/STM32CubeIDE/plugins/com.st.stm32cube.ide.mcu.externaltools.gnu-tools-for-stm32.11.3.rel1.win32_1.1.100.202309141235/tools/bin/../lib/gcc/arm-none-eabi/11.3.1/thumb/v7e-m+fp/hard/crtbegin.o

.rodata         0x0000000008008fac       0x28
                0x0000000008008fac                . = ALIGN (0x4)
 *(.rodata)
 .rodata        0x0000000008008fac        0xd ./Core/Src/OTA.o
 *(.rodata*)
 *fill*         0x0000000008008fb9        0x3 
 .rodata.AHBPrescTable
                0x0000000008008fbc       0x10 ./Core/Src/system_stm32f4xx.o
                0x0000000008008fbc                AHBPrescTable
 .rodata.APBPrescTable
                0x0000000008008fcc        0x8 ./Core/Src/system_stm32f4xx.o
                0x0000000008008fcc                APBPrescTable
                0x0000000008008fd4                . = ALIGN (0x4)

.ARM.extab      0x0000000008008fd4        0x0
                0x0000000008008fd4                . = ALIGN (0x4)
 *(.ARM.extab* .gnu.linkonce.armextab.*)
                0x0000000008008fd4                . = ALIGN (0x4)

.ARM            0x0000000008008fd4        0x8
                0x0000000008008fd4                . = ALIGN (0x4)
                0x0000000008008fd4                __exidx_start = .
 *(.ARM.exidx*)
 .ARM.exidx     0x0000000008008fd4        0x8 C:/ST/STM32CubeIDE_1.13.0/STM32CubeIDE/plugins/com.st.stm32cube.ide.mcu.externaltools.gnu-tools-for-stm32.11.3.rel1.win32_1.1.100.202309141235/tools/bin/../lib/gcc/arm-none-eabi/11.3.1/thumb/v7e-m+fp/hard\libgcc.a(_udivmoddi4.o)
                0x0000000008008fdc                __exidx_end = .
                0x0000000008008fdc                . = ALIGN (0x4)

.rel.dyn        0x0000000008008fdc        0x0
 .rel.iplt      0x0000000008008fdc        0x0 C:/ST/STM32CubeIDE_1.13.0/STM32CubeIDE/plugins/com.st.stm32cube.ide.mcu.externaltools.gnu-tools-for-stm32.11.3.rel1.win32_1.1.100.202309141235/tools/bin/../lib/gcc/arm-none-eabi/11.3.1/thumb/v7e-m+fp/hard/crtbegin.o

.preinit_array  0x0000000008008fdc        0x0
                0x0000000008008fdc                . = ALIGN (0x4)
                0x0000000008008fdc                PROVIDE (__preinit_array_start = .)
 *(.preinit_array*)
                0x0000000008008fdc                PROVIDE (__preinit_array_end = .)
                0x0000000008008fdc                . = ALIGN (0x4)

.init_array     0x0000000008008fdc        0x4
                0x0000000008008fdc                . = ALIGN (0x4)
                0x0000000008008fdc                PROVIDE (__init_array_start = .)
 *(SORT_BY_NAME(.init_array.*))
 *(.init_array*)
 .init_array    0x0000000008008fdc        0x4 C:/ST/STM32CubeIDE_1.13.0/STM32CubeIDE/plugins/com.st.stm32cube.ide.mcu.externaltools.gnu-tools-for-stm32.11.3.rel1.win32_1.1.100.202309141235/tools/bin/../lib/gcc/arm-none-eabi/11.3.1/thumb/v7e-m+fp/hard/crtbegin.o
                0x0000000008008fe0                PROVIDE (__init_array_end = .)
                0x0000000008008fe0                . = ALIGN (0x4)

.fini_array     0x0000000008008fe0        0x4
                0x0000000008008fe0                . = ALIGN (0x4)
                [!provide]                        PROVIDE (__fini_array_start = .)
 *(SORT_BY_NAME(.fini_array.*))
 *(.fini_array*)
 .fini_array    0x0000000008008fe0        0x4 C:/ST/STM32CubeIDE_1.13.0/STM32CubeIDE/plugins/com.st.stm32cube.ide.mcu.externaltools.gnu-tools-for-stm32.11.3.rel1.win32_1.1.100.202309141235/tools/bin/../lib/gcc/arm-none-eabi/11.3.1/thumb/v7e-m+fp/hard/crtbegin.o
                [!provide]                        PROVIDE (__fini_array_end = .)
                0x0000000008008fe4                . = ALIGN (0x4)
                0x0000000008008fe4                _sidata = LOADADDR (.data)

.data           0x0000000020000000        0xc load address 0x0000000008008fe4
                0x0000000020000000                . = ALIGN (0x4)
                0x0000000020000000                _sdata = .
 *(.data)
 *(.data*)
 .data.SystemCoreClock
                0x0000000020000000        0x4 ./Core/Src/system_stm32f4xx.o
                0x0000000020000000                SystemCoreClock
 .data.uwTickPrio
                0x0000000020000004        0x4 ./Drivers/STM32F4xx_HAL_Driver/Src/stm32f4xx_hal.o
                0x0000000020000004                uwTickPrio
 .data.uwTickFreq
                0x0000000020000008        0x1 ./Drivers/STM32F4xx_HAL_Driver/Src/stm32f4xx_hal.o
                0x0000000020000008                uwTickFreq
 *(.RamFunc)
 *(.RamFunc*)
                0x000000002000000c                . = ALIGN (0x4)
 *fill*         0x0000000020000009        0x3 
                0x000000002000000c                _edata = .

.igot.plt       0x000000002000000c        0x0 load address 0x0000000008008ff0
 .igot.plt      0x000000002000000c        0x0 C:/ST/STM32CubeIDE_1.13.0/STM32CubeIDE/plugins/com.st.stm32cube.ide.mcu.externaltools.gnu-tools-for-stm32.11.3.rel1.win32_1.1.100.202309141235/tools/bin/../lib/gcc/arm-none-eabi/11.3.1/thumb/v7e-m+fp/hard/crtbegin.o
                0x000000002000000c                . = ALIGN (0x4)

.bss            0x000000002000000c      0x150 load address 0x0000000008008ff0
                0x000000002000000c                _sbss = .
                0x000000002000000c                __bss_start__ = _sbss
 *(.bss)
 .bss           0x000000002000000c       0x1c C:/ST/STM32CubeIDE_1.13.0/STM32CubeIDE/plugins/com.st.stm32cube.ide.mcu.externaltools.gnu-tools-for-stm32.11.3.rel1.win32_1.1.100.202309141235/tools/bin/../lib/gcc/arm-none-eabi/11.3.1/thumb/v7e-m+fp/hard/crtbegin.o
 *(.bss*)
 .bss.FlashData
                0x0000000020000028       0xc8 ./Core/Src/OTA.o
                0x0000000020000028                FlashData
 .bss.upper_bits
                0x00000000200000f0        0x4 ./Core/Src/OTA.o
                0x00000000200000f0                upper_bits
 .bss.huart1    0x00000000200000f4       0x44 ./Core/Src/usart.o
                0x00000000200000f4                huart1
 .bss.uwTick    0x0000000020000138        0x4 ./Drivers/STM32F4xx_HAL_Driver/Src/stm32f4xx_hal.o
                0x0000000020000138                uwTick
 .bss.pFlash    0x000000002000013c       0x20 ./Drivers/STM32F4xx_HAL_Driver/Src/stm32f4xx_hal_flash.o
                0x000000002000013c                pFlash
 *(COMMON)
                0x000000002000015c                . = ALIGN (0x4)
                0x000000002000015c                _ebss = .
                0x000000002000015c                __bss_end__ = _ebss

._user_heap_stack
                0x000000002000015c      0x604 load address 0x0000000008008ff0
                0x0000000020000160                . = ALIGN (0x8)
 *fill*         0x000000002000015c        0x4 
                [!provide]                        PROVIDE (end = .)
                0x0000000020000160                PROVIDE (_end = .)
                0x0000000020000360                . = (. + _Min_Heap_Size)
 *fill*         0x0000000020000160      0x200 
                0x0000000020000760                . = (. + _Min_Stack_Size)
 *fill*         0x0000000020000360      0x400 
                0x0000000020000760                . = ALIGN (0x8)

/DISCARD/
 libc.a(*)
 libm.a(*)
 libgcc.a(*)

.ARM.attributes
                0x0000000000000000       0x30
 *(.ARM.attributes)
 .ARM.attributes
                0x0000000000000000       0x1e C:/ST/STM32CubeIDE_1.13.0/STM32CubeIDE/plugins/com.st.stm32cube.ide.mcu.externaltools.gnu-tools-for-stm32.11.3.rel1.win32_1.1.100.202309141235/tools/bin/../lib/gcc/arm-none-eabi/11.3.1/thumb/v7e-m+fp/hard/crti.o
 .ARM.attributes
                0x000000000000001e       0x34 C:/ST/STM32CubeIDE_1.13.0/STM32CubeIDE/plugins/com.st.stm32cube.ide.mcu.externaltools.gnu-tools-for-stm32.11.3.rel1.win32_1.1.100.202309141235/tools/bin/../lib/gcc/arm-none-eabi/11.3.1/thumb/v7e-m+fp/hard/crtbegin.o
 .ARM.attributes
                0x0000000000000052       0x34 ./Core/Src/OTA.o
 .ARM.attributes
                0x0000000000000086       0x34 ./Core/Src/gpio.o
 .ARM.attributes
                0x00000000000000ba       0x34 ./Core/Src/main.o
 .ARM.attributes
                0x00000000000000ee       0x34 ./Core/Src/stm32f4xx_hal_msp.o
 .ARM.attributes
                0x0000000000000122       0x34 ./Core/Src/stm32f4xx_it.o
 .ARM.attributes
                0x0000000000000156       0x34 ./Core/Src/system_stm32f4xx.o
 .ARM.attributes
                0x000000000000018a       0x34 ./Core/Src/usart.o
 .ARM.attributes
                0x00000000000001be       0x21 ./Core/Startup/startup_stm32f401ccux.o
 .ARM.attributes
                0x00000000000001df       0x34 ./Drivers/STM32F4xx_HAL_Driver/Src/stm32f4xx_hal.o
 .ARM.attributes
                0x0000000000000213       0x34 ./Drivers/STM32F4xx_HAL_Driver/Src/stm32f4xx_hal_cortex.o
 .ARM.attributes
                0x0000000000000247       0x34 ./Drivers/STM32F4xx_HAL_Driver/Src/stm32f4xx_hal_flash.o
 .ARM.attributes
                0x000000000000027b       0x34 ./Drivers/STM32F4xx_HAL_Driver/Src/stm32f4xx_hal_flash_ex.o
 .ARM.attributes
                0x00000000000002af       0x34 ./Drivers/STM32F4xx_HAL_Driver/Src/stm32f4xx_hal_gpio.o
 .ARM.attributes
                0x00000000000002e3       0x34 ./Drivers/STM32F4xx_HAL_Driver/Src/stm32f4xx_hal_rcc.o
 .ARM.attributes
                0x0000000000000317       0x34 ./Drivers/STM32F4xx_HAL_Driver/Src/stm32f4xx_hal_uart.o
 .ARM.attributes
                0x000000000000034b       0x34 C:/ST/STM32CubeIDE_1.13.0/STM32CubeIDE/plugins/com.st.stm32cube.ide.mcu.externaltools.gnu-tools-for-stm32.11.3.rel1.win32_1.1.100.202309141235/tools/bin/../lib/gcc/arm-none-eabi/11.3.1/../../../../arm-none-eabi/lib/thumb/v7e-m+fp/hard\libc_nano.a(libc_a-memset.o)
 .ARM.attributes
                0x000000000000037f       0x34 C:/ST/STM32CubeIDE_1.13.0/STM32CubeIDE/plugins/com.st.stm32cube.ide.mcu.externaltools.gnu-tools-for-stm32.11.3.rel1.win32_1.1.100.202309141235/tools/bin/../lib/gcc/arm-none-eabi/11.3.1/../../../../arm-none-eabi/lib/thumb/v7e-m+fp/hard\libc_nano.a(libc_a-init.o)
 .ARM.attributes
                0x00000000000003b3       0x1e C:/ST/STM32CubeIDE_1.13.0/STM32CubeIDE/plugins/com.st.stm32cube.ide.mcu.externaltools.gnu-tools-for-stm32.11.3.rel1.win32_1.1.100.202309141235/tools/bin/../lib/gcc/arm-none-eabi/11.3.1/thumb/v7e-m+fp/hard\libgcc.a(_aeabi_uldivmod.o)
 .ARM.attributes
                0x00000000000003d1       0x34 C:/ST/STM32CubeIDE_1.13.0/STM32CubeIDE/plugins/com.st.stm32cube.ide.mcu.externaltools.gnu-tools-for-stm32.11.3.rel1.win32_1.1.100.202309141235/tools/bin/../lib/gcc/arm-none-eabi/11.3.1/thumb/v7e-m+fp/hard\libgcc.a(_udivmoddi4.o)
 .ARM.attributes
                0x0000000000000405       0x1e C:/ST/STM32CubeIDE_1.13.0/STM32CubeIDE/plugins/com.st.stm32cube.ide.mcu.externaltools.gnu-tools-for-stm32.11.3.rel1.win32_1.1.100.202309141235/tools/bin/../lib/gcc/arm-none-eabi/11.3.1/thumb/v7e-m+fp/hard\libgcc.a(_dvmd_tls.o)
 .ARM.attributes
                0x0000000000000423       0x1e C:/ST/STM32CubeIDE_1.13.0/STM32CubeIDE/plugins/com.st.stm32cube.ide.mcu.externaltools.gnu-tools-for-stm32.11.3.rel1.win32_1.1.100.202309141235/tools/bin/../lib/gcc/arm-none-eabi/11.3.1/thumb/v7e-m+fp/hard/crtn.o
OUTPUT(APP1.elf elf32-littlearm)
LOAD linker stubs
LOAD C:/ST/STM32CubeIDE_1.13.0/STM32CubeIDE/plugins/com.st.stm32cube.ide.mcu.externaltools.gnu-tools-for-stm32.11.3.rel1.win32_1.1.100.202309141235/tools/bin/../lib/gcc/arm-none-eabi/11.3.1/../../../../arm-none-eabi/lib/thumb/v7e-m+fp/hard\libc.a
LOAD C:/ST/STM32CubeIDE_1.13.0/STM32CubeIDE/plugins/com.st.stm32cube.ide.mcu.externaltools.gnu-tools-for-stm32.11.3.rel1.win32_1.1.100.202309141235/tools/bin/../lib/gcc/arm-none-eabi/11.3.1/../../../../arm-none-eabi/lib/thumb/v7e-m+fp/hard\libm.a
LOAD C:/ST/STM32CubeIDE_1.13.0/STM32CubeIDE/plugins/com.st.stm32cube.ide.mcu.externaltools.gnu-tools-for-stm32.11.3.rel1.win32_1.1.100.202309141235/tools/bin/../lib/gcc/arm-none-eabi/11.3.1/thumb/v7e-m+fp/hard\libgcc.a

.comment        0x0000000000000000       0x43
 .comment       0x0000000000000000       0x43 C:/ST/STM32CubeIDE_1.13.0/STM32CubeIDE/plugins/com.st.stm32cube.ide.mcu.externaltools.gnu-tools-for-stm32.11.3.rel1.win32_1.1.100.202309141235/tools/bin/../lib/gcc/arm-none-eabi/11.3.1/thumb/v7e-m+fp/hard/crtbegin.o
                                         0x44 (size before relaxing)
 .comment       0x0000000000000043       0x44 ./Core/Src/OTA.o
 .comment       0x0000000000000043       0x44 ./Core/Src/gpio.o
 .comment       0x0000000000000043       0x44 ./Core/Src/main.o
 .comment       0x0000000000000043       0x44 ./Core/Src/stm32f4xx_hal_msp.o
 .comment       0x0000000000000043       0x44 ./Core/Src/stm32f4xx_it.o
 .comment       0x0000000000000043       0x44 ./Core/Src/system_stm32f4xx.o
 .comment       0x0000000000000043       0x44 ./Core/Src/usart.o
 .comment       0x0000000000000043       0x44 ./Drivers/STM32F4xx_HAL_Driver/Src/stm32f4xx_hal.o
 .comment       0x0000000000000043       0x44 ./Drivers/STM32F4xx_HAL_Driver/Src/stm32f4xx_hal_cortex.o
 .comment       0x0000000000000043       0x44 ./Drivers/STM32F4xx_HAL_Driver/Src/stm32f4xx_hal_flash.o
 .comment       0x0000000000000043       0x44 ./Drivers/STM32F4xx_HAL_Driver/Src/stm32f4xx_hal_flash_ex.o
 .comment       0x0000000000000043       0x44 ./Drivers/STM32F4xx_HAL_Driver/Src/stm32f4xx_hal_gpio.o
 .comment       0x0000000000000043       0x44 ./Drivers/STM32F4xx_HAL_Driver/Src/stm32f4xx_hal_rcc.o
 .comment       0x0000000000000043       0x44 ./Drivers/STM32F4xx_HAL_Driver/Src/stm32f4xx_hal_uart.o

.debug_info     0x0000000000000000     0x8848
 .debug_info    0x0000000000000000      0x9bc ./Core/Src/OTA.o
 .debug_info    0x00000000000009bc      0x3fb ./Core/Src/gpio.o
 .debug_info    0x0000000000000db7      0x5e6 ./Core/Src/main.o
 .debug_info    0x000000000000139d      0x291 ./Core/Src/stm32f4xx_hal_msp.o
 .debug_info    0x000000000000162e      0x112 ./Core/Src/stm32f4xx_it.o
 .debug_info    0x0000000000001740      0x53e ./Core/Src/system_stm32f4xx.o
 .debug_info    0x0000000000001c7e      0x930 ./Core/Src/usart.o
 .debug_info    0x00000000000025ae       0x23 ./Core/Startup/startup_stm32f401ccux.o
 .debug_info    0x00000000000025d1      0x8bb ./Drivers/STM32F4xx_HAL_Driver/Src/stm32f4xx_hal.o
 .debug_info    0x0000000000002e8c      0xcb0 ./Drivers/STM32F4xx_HAL_Driver/Src/stm32f4xx_hal_cortex.o
 .debug_info    0x0000000000003b3c      0x589 ./Drivers/STM32F4xx_HAL_Driver/Src/stm32f4xx_hal_flash.o
 .debug_info    0x00000000000040c5      0x7d8 ./Drivers/STM32F4xx_HAL_Driver/Src/stm32f4xx_hal_flash_ex.o
 .debug_info    0x000000000000489d      0x6f9 ./Drivers/STM32F4xx_HAL_Driver/Src/stm32f4xx_hal_gpio.o
 .debug_info    0x0000000000004f96      0x8f3 ./Drivers/STM32F4xx_HAL_Driver/Src/stm32f4xx_hal_rcc.o
 .debug_info    0x0000000000005889     0x2fbf ./Drivers/STM32F4xx_HAL_Driver/Src/stm32f4xx_hal_uart.o

.debug_abbrev   0x0000000000000000     0x1c2c
 .debug_abbrev  0x0000000000000000      0x28e ./Core/Src/OTA.o
 .debug_abbrev  0x000000000000028e      0x151 ./Core/Src/gpio.o
 .debug_abbrev  0x00000000000003df      0x1f0 ./Core/Src/main.o
 .debug_abbrev  0x00000000000005cf       0xd8 ./Core/Src/stm32f4xx_hal_msp.o
 .debug_abbrev  0x00000000000006a7       0x73 ./Core/Src/stm32f4xx_it.o
 .debug_abbrev  0x000000000000071a      0x11a ./Core/Src/system_stm32f4xx.o
 .debug_abbrev  0x0000000000000834      0x1f8 ./Core/Src/usart.o
 .debug_abbrev  0x0000000000000a2c       0x12 ./Core/Startup/startup_stm32f401ccux.o
 .debug_abbrev  0x0000000000000a3e      0x24b ./Drivers/STM32F4xx_HAL_Driver/Src/stm32f4xx_hal.o
 .debug_abbrev  0x0000000000000c89      0x327 ./Drivers/STM32F4xx_HAL_Driver/Src/stm32f4xx_hal_cortex.o
 .debug_abbrev  0x0000000000000fb0      0x27c ./Drivers/STM32F4xx_HAL_Driver/Src/stm32f4xx_hal_flash.o
 .debug_abbrev  0x000000000000122c      0x25d ./Drivers/STM32F4xx_HAL_Driver/Src/stm32f4xx_hal_flash_ex.o
 .debug_abbrev  0x0000000000001489      0x1d3 ./Drivers/STM32F4xx_HAL_Driver/Src/stm32f4xx_hal_gpio.o
 .debug_abbrev  0x000000000000165c      0x2b5 ./Drivers/STM32F4xx_HAL_Driver/Src/stm32f4xx_hal_rcc.o
 .debug_abbrev  0x0000000000001911      0x31b ./Drivers/STM32F4xx_HAL_Driver/Src/stm32f4xx_hal_uart.o

.debug_aranges  0x0000000000000000      0x7e8
 .debug_aranges
                0x0000000000000000       0x48 ./Core/Src/OTA.o
 .debug_aranges
                0x0000000000000048       0x20 ./Core/Src/gpio.o
 .debug_aranges
                0x0000000000000068       0x30 ./Core/Src/main.o
 .debug_aranges
                0x0000000000000098       0x20 ./Core/Src/stm32f4xx_hal_msp.o
 .debug_aranges
                0x00000000000000b8       0x60 ./Core/Src/stm32f4xx_it.o
 .debug_aranges
                0x0000000000000118       0x28 ./Core/Src/system_stm32f4xx.o
 .debug_aranges
                0x0000000000000140       0x30 ./Core/Src/usart.o
 .debug_aranges
                0x0000000000000170       0x28 ./Core/Startup/startup_stm32f401ccux.o
 .debug_aranges
                0x0000000000000198       0xf0 ./Drivers/STM32F4xx_HAL_Driver/Src/stm32f4xx_hal.o
 .debug_aranges
                0x0000000000000288      0x118 ./Drivers/STM32F4xx_HAL_Driver/Src/stm32f4xx_hal_cortex.o
 .debug_aranges
                0x00000000000003a0       0xa0 ./Drivers/STM32F4xx_HAL_Driver/Src/stm32f4xx_hal_flash.o
 .debug_aranges
                0x0000000000000440       0xc8 ./Drivers/STM32F4xx_HAL_Driver/Src/stm32f4xx_hal_flash_ex.o
 .debug_aranges
                0x0000000000000508       0x58 ./Drivers/STM32F4xx_HAL_Driver/Src/stm32f4xx_hal_gpio.o
 .debug_aranges
                0x0000000000000560       0x88 ./Drivers/STM32F4xx_HAL_Driver/Src/stm32f4xx_hal_rcc.o
 .debug_aranges
                0x00000000000005e8      0x200 ./Drivers/STM32F4xx_HAL_Driver/Src/stm32f4xx_hal_uart.o

.debug_rnglists
                0x0000000000000000      0x5f9
 .debug_rnglists
                0x0000000000000000       0x35 ./Core/Src/OTA.o
 .debug_rnglists
                0x0000000000000035       0x14 ./Core/Src/gpio.o
 .debug_rnglists
                0x0000000000000049       0x20 ./Core/Src/main.o
 .debug_rnglists
                0x0000000000000069       0x13 ./Core/Src/stm32f4xx_hal_msp.o
 .debug_rnglists
                0x000000000000007c       0x43 ./Core/Src/stm32f4xx_it.o
 .debug_rnglists
                0x00000000000000bf       0x1a ./Core/Src/system_stm32f4xx.o
 .debug_rnglists
                0x00000000000000d9       0x20 ./Core/Src/usart.o
 .debug_rnglists
                0x00000000000000f9       0x19 ./Core/Startup/startup_stm32f401ccux.o
 .debug_rnglists
                0x0000000000000112       0xaf ./Drivers/STM32F4xx_HAL_Driver/Src/stm32f4xx_hal.o
 .debug_rnglists
                0x00000000000001c1       0xce ./Drivers/STM32F4xx_HAL_Driver/Src/stm32f4xx_hal_cortex.o
 .debug_rnglists
                0x000000000000028f       0x78 ./Drivers/STM32F4xx_HAL_Driver/Src/stm32f4xx_hal_flash.o
 .debug_rnglists
                0x0000000000000307       0x96 ./Drivers/STM32F4xx_HAL_Driver/Src/stm32f4xx_hal_flash_ex.o
 .debug_rnglists
                0x000000000000039d       0x3f ./Drivers/STM32F4xx_HAL_Driver/Src/stm32f4xx_hal_gpio.o
 .debug_rnglists
                0x00000000000003dc       0x66 ./Drivers/STM32F4xx_HAL_Driver/Src/stm32f4xx_hal_rcc.o
 .debug_rnglists
                0x0000000000000442      0x1b7 ./Drivers/STM32F4xx_HAL_Driver/Src/stm32f4xx_hal_uart.o

.debug_macro    0x0000000000000000    0x15fd1
 .debug_macro   0x0000000000000000      0x316 ./Core/Src/OTA.o
 .debug_macro   0x0000000000000316      0xaa8 ./Core/Src/OTA.o
 .debug_macro   0x0000000000000dbe       0x22 ./Core/Src/OTA.o
 .debug_macro   0x0000000000000de0       0x5b ./Core/Src/OTA.o
 .debug_macro   0x0000000000000e3b       0x2a ./Core/Src/OTA.o
 .debug_macro   0x0000000000000e65       0x94 ./Core/Src/OTA.o
 .debug_macro   0x0000000000000ef9       0x43 ./Core/Src/OTA.o
 .debug_macro   0x0000000000000f3c       0x34 ./Core/Src/OTA.o
 .debug_macro   0x0000000000000f70       0x16 ./Core/Src/OTA.o
 .debug_macro   0x0000000000000f86       0x57 ./Core/Src/OTA.o
 .debug_macro   0x0000000000000fdd       0x97 ./Core/Src/OTA.o
 .debug_macro   0x0000000000001074      0x369 ./Core/Src/OTA.o
 .debug_macro   0x00000000000013dd       0xfd ./Core/Src/OTA.o
 .debug_macro   0x00000000000014da       0x10 ./Core/Src/OTA.o
 .debug_macro   0x00000000000014ea       0x16 ./Core/Src/OTA.o
 .debug_macro   0x0000000000001500       0x43 ./Core/Src/OTA.o
 .debug_macro   0x0000000000001543       0x34 ./Core/Src/OTA.o
 .debug_macro   0x0000000000001577       0x10 ./Core/Src/OTA.o
 .debug_macro   0x0000000000001587       0x58 ./Core/Src/OTA.o
 .debug_macro   0x00000000000015df       0x8e ./Core/Src/OTA.o
 .debug_macro   0x000000000000166d       0x1c ./Core/Src/OTA.o
 .debug_macro   0x0000000000001689      0x177 ./Core/Src/OTA.o
 .debug_macro   0x0000000000001800       0x16 ./Core/Src/OTA.o
 .debug_macro   0x0000000000001816       0x16 ./Core/Src/OTA.o
 .debug_macro   0x000000000000182c      0x147 ./Core/Src/OTA.o
 .debug_macro   0x0000000000001973       0x16 ./Core/Src/OTA.o
 .debug_macro   0x0000000000001989       0x35 ./Core/Src/OTA.o
 .debug_macro   0x00000000000019be       0x20 ./Core/Src/OTA.o
 .debug_macro   0x00000000000019de       0x4c ./Core/Src/OTA.o
 .debug_macro   0x0000000000001a2a      0x295 ./Core/Src/OTA.o
 .debug_macro   0x0000000000001cbf       0x2e ./Core/Src/OTA.o
 .debug_macro   0x0000000000001ced       0x28 ./Core/Src/OTA.o
 .debug_macro   0x0000000000001d15      0x103 ./Core/Src/OTA.o
 .debug_macro   0x0000000000001e18       0x6a ./Core/Src/OTA.o
 .debug_macro   0x0000000000001e82      0x1df ./Core/Src/OTA.o
 .debug_macro   0x0000000000002061       0x1c ./Core/Src/OTA.o
 .debug_macro   0x000000000000207d       0x22 ./Core/Src/OTA.o
 .debug_macro   0x000000000000209f       0xd9 ./Core/Src/OTA.o
 .debug_macro   0x0000000000002178     0x102d ./Core/Src/OTA.o
 .debug_macro   0x00000000000031a5      0x11f ./Core/Src/OTA.o
 .debug_macro   0x00000000000032c4     0xb86c ./Core/Src/OTA.o
 .debug_macro   0x000000000000eb30       0x6d ./Core/Src/OTA.o
 .debug_macro   0x000000000000eb9d     0x367e ./Core/Src/OTA.o
 .debug_macro   0x000000000001221b       0x56 ./Core/Src/OTA.o
 .debug_macro   0x0000000000012271      0x416 ./Core/Src/OTA.o
 .debug_macro   0x0000000000012687      0x9fe ./Core/Src/OTA.o
 .debug_macro   0x0000000000013085      0x115 ./Core/Src/OTA.o
 .debug_macro   0x000000000001319a       0xf8 ./Core/Src/OTA.o
 .debug_macro   0x0000000000013292       0xa5 ./Core/Src/OTA.o
 .debug_macro   0x0000000000013337      0x15f ./Core/Src/OTA.o
 .debug_macro   0x0000000000013496      0x287 ./Core/Src/OTA.o
 .debug_macro   0x000000000001371d       0x5f ./Core/Src/OTA.o
 .debug_macro   0x000000000001377c      0x236 ./Core/Src/OTA.o
 .debug_macro   0x00000000000139b2      0x132 ./Core/Src/OTA.o
 .debug_macro   0x0000000000013ae4      0x23a ./Core/Src/OTA.o
 .debug_macro   0x0000000000013d1e       0x2e ./Core/Src/OTA.o
 .debug_macro   0x0000000000013d4c      0x11a ./Core/Src/OTA.o
 .debug_macro   0x0000000000013e66       0x85 ./Core/Src/OTA.o
 .debug_macro   0x0000000000013eeb       0x89 ./Core/Src/OTA.o
 .debug_macro   0x0000000000013f74      0x295 ./Core/Src/OTA.o
 .debug_macro   0x0000000000014209      0x126 ./Core/Src/OTA.o
 .debug_macro   0x000000000001432f       0xa0 ./Core/Src/OTA.o
 .debug_macro   0x00000000000143cf       0x16 ./Core/Src/OTA.o
 .debug_macro   0x00000000000143e5       0x16 ./Core/Src/OTA.o
 .debug_macro   0x00000000000143fb       0x29 ./Core/Src/OTA.o
 .debug_macro   0x0000000000014424      0x1ce ./Core/Src/gpio.o
 .debug_macro   0x00000000000145f2       0x8e ./Core/Src/gpio.o
 .debug_macro   0x0000000000014680       0x51 ./Core/Src/gpio.o
 .debug_macro   0x00000000000146d1      0x174 ./Core/Src/gpio.o
 .debug_macro   0x0000000000014845       0x5c ./Core/Src/gpio.o
 .debug_macro   0x00000000000148a1      0x2f6 ./Core/Src/main.o
 .debug_macro   0x0000000000014b97       0x61 ./Core/Src/main.o
 .debug_macro   0x0000000000014bf8      0x1c4 ./Core/Src/stm32f4xx_hal_msp.o
 .debug_macro   0x0000000000014dbc      0x1ce ./Core/Src/stm32f4xx_it.o
 .debug_macro   0x0000000000014f8a      0x1cc ./Core/Src/system_stm32f4xx.o
 .debug_macro   0x0000000000015156      0x1ce ./Core/Src/usart.o
 .debug_macro   0x0000000000015324      0x21a ./Drivers/STM32F4xx_HAL_Driver/Src/stm32f4xx_hal.o
 .debug_macro   0x000000000001553e      0x1ba ./Drivers/STM32F4xx_HAL_Driver/Src/stm32f4xx_hal_cortex.o
 .debug_macro   0x00000000000156f8      0x1c0 ./Drivers/STM32F4xx_HAL_Driver/Src/stm32f4xx_hal_flash.o
 .debug_macro   0x00000000000158b8      0x1c0 ./Drivers/STM32F4xx_HAL_Driver/Src/stm32f4xx_hal_flash_ex.o
 .debug_macro   0x0000000000015a78      0x1c0 ./Drivers/STM32F4xx_HAL_Driver/Src/stm32f4xx_hal_gpio.o
 .debug_macro   0x0000000000015c38      0x1de ./Drivers/STM32F4xx_HAL_Driver/Src/stm32f4xx_hal_rcc.o
 .debug_macro   0x0000000000015e16      0x1bb ./Drivers/STM32F4xx_HAL_Driver/Src/stm32f4xx_hal_uart.o

.debug_line     0x0000000000000000     0xab98
 .debug_line    0x0000000000000000      0xc10 ./Core/Src/OTA.o
 .debug_line    0x0000000000000c10      0x735 ./Core/Src/gpio.o
 .debug_line    0x0000000000001345      0x949 ./Core/Src/main.o
 .debug_line    0x0000000000001c8e      0x71e ./Core/Src/stm32f4xx_hal_msp.o
 .debug_line    0x00000000000023ac      0x7e0 ./Core/Src/stm32f4xx_it.o
 .debug_line    0x0000000000002b8c      0x7a5 ./Core/Src/system_stm32f4xx.o
 .debug_line    0x0000000000003331      0x787 ./Core/Src/usart.o
 .debug_line    0x0000000000003ab8       0x7a ./Core/Startup/startup_stm32f401ccux.o
 .debug_line    0x0000000000003b32      0xa05 ./Drivers/STM32F4xx_HAL_Driver/Src/stm32f4xx_hal.o
 .debug_line    0x0000000000004537      0xcb4 ./Drivers/STM32F4xx_HAL_Driver/Src/stm32f4xx_hal_cortex.o
 .debug_line    0x00000000000051eb      0xaa4 ./Drivers/STM32F4xx_HAL_Driver/Src/stm32f4xx_hal_flash.o
 .debug_line    0x0000000000005c8f      0xba9 ./Drivers/STM32F4xx_HAL_Driver/Src/stm32f4xx_hal_flash_ex.o
 .debug_line    0x0000000000006838      0xb3d ./Drivers/STM32F4xx_HAL_Driver/Src/stm32f4xx_hal_gpio.o
 .debug_line    0x0000000000007375      0xd7c ./Drivers/STM32F4xx_HAL_Driver/Src/stm32f4xx_hal_rcc.o
 .debug_line    0x00000000000080f1     0x2aa7 ./Drivers/STM32F4xx_HAL_Driver/Src/stm32f4xx_hal_uart.o

.debug_str      0x0000000000000000    0x84f49
 .debug_str     0x0000000000000000    0x82d2f ./Core/Src/OTA.o
                                      0x830a9 (size before relaxing)
 .debug_str     0x0000000000082d2f      0x223 ./Core/Src/gpio.o
                                      0x7eed6 (size before relaxing)
 .debug_str     0x0000000000082f52      0x19f ./Core/Src/main.o
                                      0x82bec (size before relaxing)
 .debug_str     0x00000000000830f1       0x2c ./Core/Src/stm32f4xx_hal_msp.o
                                      0x7ee0b (size before relaxing)
 .debug_str     0x000000000008311d       0xc9 ./Core/Src/stm32f4xx_it.o
                                      0x7ed7f (size before relaxing)
 .debug_str     0x00000000000831e6      0x12f ./Core/Src/system_stm32f4xx.o
                                      0x7ef0f (size before relaxing)
 .debug_str     0x0000000000083315       0x61 ./Core/Src/usart.o
                                      0x7f36b (size before relaxing)
 .debug_str     0x0000000000083376       0x34 ./Core/Startup/startup_stm32f401ccux.o
                                         0x69 (size before relaxing)
 .debug_str     0x00000000000833aa      0x9ae ./Drivers/STM32F4xx_HAL_Driver/Src/stm32f4xx_hal.o
                                      0x7f8dd (size before relaxing)
 .debug_str     0x0000000000083d58      0x354 ./Drivers/STM32F4xx_HAL_Driver/Src/stm32f4xx_hal_cortex.o
                                      0x7f5fe (size before relaxing)
 .debug_str     0x00000000000840ac      0x291 ./Drivers/STM32F4xx_HAL_Driver/Src/stm32f4xx_hal_flash.o
                                      0x7f099 (size before relaxing)
 .debug_str     0x000000000008433d      0x291 ./Drivers/STM32F4xx_HAL_Driver/Src/stm32f4xx_hal_flash_ex.o
                                      0x7f1bc (size before relaxing)
 .debug_str     0x00000000000845ce      0x121 ./Drivers/STM32F4xx_HAL_Driver/Src/stm32f4xx_hal_gpio.o
                                      0x7f036 (size before relaxing)
 .debug_str     0x00000000000846ef      0x228 ./Drivers/STM32F4xx_HAL_Driver/Src/stm32f4xx_hal_rcc.o
                                      0x7f2ef (size before relaxing)
 .debug_str     0x0000000000084917      0x632 ./Drivers/STM32F4xx_HAL_Driver/Src/stm32f4xx_hal_uart.o
                                      0x7f87c (size before relaxing)

.debug_frame    0x0000000000000000     0x1e68
 .debug_frame   0x0000000000000000       0xf8 ./Core/Src/OTA.o
 .debug_frame   0x00000000000000f8       0x34 ./Core/Src/gpio.o
 .debug_frame   0x000000000000012c       0x68 ./Core/Src/main.o
 .debug_frame   0x0000000000000194       0x38 ./Core/Src/stm32f4xx_hal_msp.o
 .debug_frame   0x00000000000001cc      0x104 ./Core/Src/stm32f4xx_it.o
 .debug_frame   0x00000000000002d0       0x58 ./Core/Src/system_stm32f4xx.o
 .debug_frame   0x0000000000000328       0x74 ./Core/Src/usart.o
 .debug_frame   0x000000000000039c      0x374 ./Drivers/STM32F4xx_HAL_Driver/Src/stm32f4xx_hal.o
 .debug_frame   0x0000000000000710      0x498 ./Drivers/STM32F4xx_HAL_Driver/Src/stm32f4xx_hal_cortex.o
 .debug_frame   0x0000000000000ba8      0x274 ./Drivers/STM32F4xx_HAL_Driver/Src/stm32f4xx_hal_flash.o
 .debug_frame   0x0000000000000e1c      0x334 ./Drivers/STM32F4xx_HAL_Driver/Src/stm32f4xx_hal_flash_ex.o
 .debug_frame   0x0000000000001150      0x14c ./Drivers/STM32F4xx_HAL_Driver/Src/stm32f4xx_hal_gpio.o
 .debug_frame   0x000000000000129c      0x1f4 ./Drivers/STM32F4xx_HAL_Driver/Src/stm32f4xx_hal_rcc.o
 .debug_frame   0x0000000000001490      0x92c ./Drivers/STM32F4xx_HAL_Driver/Src/stm32f4xx_hal_uart.o
 .debug_frame   0x0000000000001dbc       0x20 C:/ST/STM32CubeIDE_1.13.0/STM32CubeIDE/plugins/com.st.stm32cube.ide.mcu.externaltools.gnu-tools-for-stm32.11.3.rel1.win32_1.1.100.202309141235/tools/bin/../lib/gcc/arm-none-eabi/11.3.1/../../../../arm-none-eabi/lib/thumb/v7e-m+fp/hard\libc_nano.a(libc_a-memset.o)
 .debug_frame   0x0000000000001ddc       0x2c C:/ST/STM32CubeIDE_1.13.0/STM32CubeIDE/plugins/com.st.stm32cube.ide.mcu.externaltools.gnu-tools-for-stm32.11.3.rel1.win32_1.1.100.202309141235/tools/bin/../lib/gcc/arm-none-eabi/11.3.1/../../../../arm-none-eabi/lib/thumb/v7e-m+fp/hard\libc_nano.a(libc_a-init.o)
 .debug_frame   0x0000000000001e08       0x2c C:/ST/STM32CubeIDE_1.13.0/STM32CubeIDE/plugins/com.st.stm32cube.ide.mcu.externaltools.gnu-tools-for-stm32.11.3.rel1.win32_1.1.100.202309141235/tools/bin/../lib/gcc/arm-none-eabi/11.3.1/thumb/v7e-m+fp/hard\libgcc.a(_aeabi_uldivmod.o)
 .debug_frame   0x0000000000001e34       0x34 C:/ST/STM32CubeIDE_1.13.0/STM32CubeIDE/plugins/com.st.stm32cube.ide.mcu.externaltools.gnu-tools-for-stm32.11.3.rel1.win32_1.1.100.202309141235/tools/bin/../lib/gcc/arm-none-eabi/11.3.1/thumb/v7e-m+fp/hard\libgcc.a(_udivmoddi4.o)

.debug_line_str
                0x0000000000000000       0x5d
 .debug_line_str
                0x0000000000000000       0x5d ./Core/Startup/startup_stm32f401ccux.o
                                         0x75 (size before relaxing)
